// Jest Snapshot v1, https://goo.gl/fbAQLP

exports[`<App /> renders without crashing 1`] = `
<div>
  <nav
    className="navbar navbar-expand-md navbar-dark bg-dark"
  >
    <a
      className="navbar-brand"
      href="."
    >
      Thunderbird Release Dashboard
    </a>
  </nav>
  <div
    className="main"
  >
    <div
      className="sidebar"
    >
      <ul
        className="list-group"
      >
        <li
          className="active list-group-item"
        >
          Channels
        </li>
        <span>
          Nightly
          : 
          <div
            className="spinner-grow text-dark"
            role="status"
          >
            <span
              className="sr-only"
            >
              Loading...
            </span>
          </div>
        </span>
        <span>
          Beta
          : 
          <div
            className="spinner-grow text-dark"
            role="status"
          >
            <span
              className="sr-only"
            >
              Loading...
            </span>
          </div>
        </span>
        <span>
          Release
          : 
          <div
            className="spinner-grow text-dark"
            role="status"
          >
            <span
              className="sr-only"
            >
              Loading...
            </span>
          </div>
        </span>
      </ul>
    </div>
    <div
      className="content"
    >
      <p>
        Learn more about a specific version.
        <strong>
           Select a version number from the left menu.
        </strong>
      </p>
    </div>
  </div>
  <footer>
    Thunderbird Release Dashboard version:
     
    <a
      href="https://github.com/mozilla/delivery-dashboard/commit/commit-hash"
    >
      version-number
    </a>
     -- Pollbot version:
     
  </footer>
</div>
`;
