// Jest Snapshot v1, https://goo.gl/fbAQLP

exports[`<App /> renders without crashing 1`] = `
<div>
  <header>
    <h1>
      <a
        href="."
      >
        Thunderbird Release Dashboard
      </a>
    </h1>
  </header>
  <div
    className="mainContent ant-layout ant-layout-has-sider"
  >
    <div
      className="ant-layout-sider"
      style={
        Object {
          "flex": "0 0 200px",
          "maxWidth": "200px",
          "minWidth": "200px",
          "width": "200px",
        }
      }
    >
      <div
        className="ant-layout-sider-children"
      >
        <div
          className="releasesMenu"
        >
          <h3>
            Release Channels
          </h3>
          <span>
            Nightly
            : 
            <div
              className="ant-spin ant-spin-spinning ant-spin-show-text"
            >
              <span
                className="ant-spin-dot"
              >
                <i />
                <i />
                <i />
                <i />
              </span>
            </div>
          </span>
          <span>
            Beta
            : 
            <div
              className="ant-spin ant-spin-spinning ant-spin-show-text"
            >
              <span
                className="ant-spin-dot"
              >
                <i />
                <i />
                <i />
                <i />
              </span>
            </div>
          </span>
          <span>
            Release
            : 
            <div
              className="ant-spin ant-spin-spinning ant-spin-show-text"
            >
              <span
                className="ant-spin-dot"
              >
                <i />
                <i />
                <i />
                <i />
              </span>
            </div>
          </span>
        </div>
      </div>
    </div>
    <div
      className="ant-layout-content"
    >
      <p>
        Learn more about a specific version.
        <strong>
           Select a version number from the left menu.
        </strong>
      </p>
    </div>
  </div>
  <footer>
    Thunderbird Release Dashboard version:
     
    <a
      href="https://github.com/mozilla/delivery-dashboard/commit/commit-hash"
    >
      version-number
    </a>
     -- Pollbot version:
     
  </footer>
</div>
`;
